Archive member included to satisfy reference by file (symbol)

d:/stm32_cube sofware/stm32cubeide/ide_1.10.0/setup/stm32cubeide_1.10.0/stm32cubeide/plugins/com.st.stm32cube.ide.mcu.externaltools.gnu-tools-for-stm32.10.3-2021.10.win32_1.0.0.202111181127/tools/bin/../lib/gcc/arm-none-eabi/10.3.1/../../../../arm-none-eabi/lib/thumb/v7-m/nofp\libc_nano.a(lib_a-errno.o)
                              ./Src/syscalls.o (__errno)
d:/stm32_cube sofware/stm32cubeide/ide_1.10.0/setup/stm32cubeide_1.10.0/stm32cubeide/plugins/com.st.stm32cube.ide.mcu.externaltools.gnu-tools-for-stm32.10.3-2021.10.win32_1.0.0.202111181127/tools/bin/../lib/gcc/arm-none-eabi/10.3.1/../../../../arm-none-eabi/lib/thumb/v7-m/nofp\libc_nano.a(lib_a-exit.o)
                              d:/stm32_cube sofware/stm32cubeide/ide_1.10.0/setup/stm32cubeide_1.10.0/stm32cubeide/plugins/com.st.stm32cube.ide.mcu.externaltools.gnu-tools-for-stm32.10.3-2021.10.win32_1.0.0.202111181127/tools/bin/../lib/gcc/arm-none-eabi/10.3.1/../../../../arm-none-eabi/lib/thumb/v7-m/nofp/crt0.o (exit)
d:/stm32_cube sofware/stm32cubeide/ide_1.10.0/setup/stm32cubeide_1.10.0/stm32cubeide/plugins/com.st.stm32cube.ide.mcu.externaltools.gnu-tools-for-stm32.10.3-2021.10.win32_1.0.0.202111181127/tools/bin/../lib/gcc/arm-none-eabi/10.3.1/../../../../arm-none-eabi/lib/thumb/v7-m/nofp\libc_nano.a(lib_a-impure.o)
                              d:/stm32_cube sofware/stm32cubeide/ide_1.10.0/setup/stm32cubeide_1.10.0/stm32cubeide/plugins/com.st.stm32cube.ide.mcu.externaltools.gnu-tools-for-stm32.10.3-2021.10.win32_1.0.0.202111181127/tools/bin/../lib/gcc/arm-none-eabi/10.3.1/../../../../arm-none-eabi/lib/thumb/v7-m/nofp\libc_nano.a(lib_a-exit.o) (_global_impure_ptr)
d:/stm32_cube sofware/stm32cubeide/ide_1.10.0/setup/stm32cubeide_1.10.0/stm32cubeide/plugins/com.st.stm32cube.ide.mcu.externaltools.gnu-tools-for-stm32.10.3-2021.10.win32_1.0.0.202111181127/tools/bin/../lib/gcc/arm-none-eabi/10.3.1/../../../../arm-none-eabi/lib/thumb/v7-m/nofp\libc_nano.a(lib_a-init.o)
                              d:/stm32_cube sofware/stm32cubeide/ide_1.10.0/setup/stm32cubeide_1.10.0/stm32cubeide/plugins/com.st.stm32cube.ide.mcu.externaltools.gnu-tools-for-stm32.10.3-2021.10.win32_1.0.0.202111181127/tools/bin/../lib/gcc/arm-none-eabi/10.3.1/../../../../arm-none-eabi/lib/thumb/v7-m/nofp/crt0.o (__libc_init_array)
d:/stm32_cube sofware/stm32cubeide/ide_1.10.0/setup/stm32cubeide_1.10.0/stm32cubeide/plugins/com.st.stm32cube.ide.mcu.externaltools.gnu-tools-for-stm32.10.3-2021.10.win32_1.0.0.202111181127/tools/bin/../lib/gcc/arm-none-eabi/10.3.1/../../../../arm-none-eabi/lib/thumb/v7-m/nofp\libc_nano.a(lib_a-memset.o)
                              d:/stm32_cube sofware/stm32cubeide/ide_1.10.0/setup/stm32cubeide_1.10.0/stm32cubeide/plugins/com.st.stm32cube.ide.mcu.externaltools.gnu-tools-for-stm32.10.3-2021.10.win32_1.0.0.202111181127/tools/bin/../lib/gcc/arm-none-eabi/10.3.1/../../../../arm-none-eabi/lib/thumb/v7-m/nofp/crt0.o (memset)

Discarded input sections

 .text          0x0000000000000000        0x0 d:/stm32_cube sofware/stm32cubeide/ide_1.10.0/setup/stm32cubeide_1.10.0/stm32cubeide/plugins/com.st.stm32cube.ide.mcu.externaltools.gnu-tools-for-stm32.10.3-2021.10.win32_1.0.0.202111181127/tools/bin/../lib/gcc/arm-none-eabi/10.3.1/thumb/v7-m/nofp/crti.o
 .data          0x0000000000000000        0x0 d:/stm32_cube sofware/stm32cubeide/ide_1.10.0/setup/stm32cubeide_1.10.0/stm32cubeide/plugins/com.st.stm32cube.ide.mcu.externaltools.gnu-tools-for-stm32.10.3-2021.10.win32_1.0.0.202111181127/tools/bin/../lib/gcc/arm-none-eabi/10.3.1/thumb/v7-m/nofp/crti.o
 .bss           0x0000000000000000        0x0 d:/stm32_cube sofware/stm32cubeide/ide_1.10.0/setup/stm32cubeide_1.10.0/stm32cubeide/plugins/com.st.stm32cube.ide.mcu.externaltools.gnu-tools-for-stm32.10.3-2021.10.win32_1.0.0.202111181127/tools/bin/../lib/gcc/arm-none-eabi/10.3.1/thumb/v7-m/nofp/crti.o
 .data          0x0000000000000000        0x4 d:/stm32_cube sofware/stm32cubeide/ide_1.10.0/setup/stm32cubeide_1.10.0/stm32cubeide/plugins/com.st.stm32cube.ide.mcu.externaltools.gnu-tools-for-stm32.10.3-2021.10.win32_1.0.0.202111181127/tools/bin/../lib/gcc/arm-none-eabi/10.3.1/thumb/v7-m/nofp/crtbegin.o
 .rodata        0x0000000000000000       0x24 d:/stm32_cube sofware/stm32cubeide/ide_1.10.0/setup/stm32cubeide_1.10.0/stm32cubeide/plugins/com.st.stm32cube.ide.mcu.externaltools.gnu-tools-for-stm32.10.3-2021.10.win32_1.0.0.202111181127/tools/bin/../lib/gcc/arm-none-eabi/10.3.1/thumb/v7-m/nofp/crtbegin.o
 .text          0x0000000000000000       0x7c d:/stm32_cube sofware/stm32cubeide/ide_1.10.0/setup/stm32cubeide_1.10.0/stm32cubeide/plugins/com.st.stm32cube.ide.mcu.externaltools.gnu-tools-for-stm32.10.3-2021.10.win32_1.0.0.202111181127/tools/bin/../lib/gcc/arm-none-eabi/10.3.1/../../../../arm-none-eabi/lib/thumb/v7-m/nofp/crt0.o
[...]
Memory Configuration

Name             Origin             Length             Attributes
RAM              0x0000000020000000 0x0000000000002800 xrw
FLASH            0x0000000008000000 0x0000000000008000 xr
*default*        0x0000000000000000 0xffffffffffffffff

Linker script and memory map

LOAD d:/stm32_cube sofware/stm32cubeide/ide_1.10.0/setup/stm32cubeide_1.10.0/stm32cubeide/plugins/com.st.stm32cube.ide.mcu.externaltools.gnu-tools-for-stm32.10.3-2021.10.win32_1.0.0.202111181127/tools/bin/../lib/gcc/arm-none-eabi/10.3.1/thumb/v7-m/nofp/crti.o
LOAD d:/stm32_cube sofware/stm32cubeide/ide_1.10.0/setup/stm32cubeide_1.10.0/stm32cubeide/plugins/com.st.stm32cube.ide.mcu.externaltools.gnu-tools-for-stm32.10.3-2021.10.win32_1.0.0.202111181127/tools/bin/../lib/gcc/arm-none-eabi/10.3.1/thumb/v7-m/nofp/crtbegin.o
LOAD d:/stm32_cube sofware/stm32cubeide/ide_1.10.0/setup/stm32cubeide_1.10.0/stm32cubeide/plugins/com.st.stm32cube.ide.mcu.externaltools.gnu-tools-for-stm32.10.3-2021.10.win32_1.0.0.202111181127/tools/bin/../lib/gcc/arm-none-eabi/10.3.1/../../../../arm-none-eabi/lib/thumb/v7-m/nofp/crt0.o
LOAD ./App/APP.o
LOAD ./Drivers/src/Srec_reader.o
LOAD ./Drivers/src/core_cm3.o
LOAD ./Drivers/src/gpio.o
LOAD ./Drivers/src/misc.o
LOAD ./Drivers/src/queue.o
LOAD ./Drivers/src/stm32f10x_flash.o
LOAD ./Drivers/src/stm32f10x_rcc.o
LOAD ./Drivers/src/stm32f10x_usart.o
LOAD ./Drivers/src/system_stm32f10x.o
LOAD ./Interrupt/stm32f10x_it.o
LOAD ./Src/main.o
LOAD ./Src/syscalls.o
LOAD ./Src/sysmem.o
LOAD ./Startup/startup_stm32f103c6tx.o
START GROUP
LOAD d:/stm32_cube sofware/stm32cubeide/ide_1.10.0/setup/stm32cubeide_1.10.0/stm32cubeide/plugins/com.st.stm32cube.ide.mcu.externaltools.gnu-tools-for-stm32.10.3-2021.10.win32_1.0.0.202111181127/tools/bin/../lib/gcc/arm-none-eabi/10.3.1/../../../../arm-none-eabi/lib/thumb/v7-m/nofp\libc_nano.a
LOAD d:/stm32_cube sofware/stm32cubeide/ide_1.10.0/setup/stm32cubeide_1.10.0/stm32cubeide/plugins/com.st.stm32cube.ide.mcu.externaltools.gnu-tools-for-stm32.10.3-2021.10.win32_1.0.0.202111181127/tools/bin/../lib/gcc/arm-none-eabi/10.3.1/../../../../arm-none-eabi/lib/thumb/v7-m/nofp\libm.a
END GROUP
START GROUP
LOAD d:/stm32_cube sofware/stm32cubeide/ide_1.10.0/setup/stm32cubeide_1.10.0/stm32cubeide/plugins/com.st.stm32cube.ide.mcu.externaltools.gnu-tools-for-stm32.10.3-2021.10.win32_1.0.0.202111181127/tools/bin/../lib/gcc/arm-none-eabi/10.3.1/thumb/v7-m/nofp\libgcc.a
LOAD d:/stm32_cube sofware/stm32cubeide/ide_1.10.0/setup/stm32cubeide_1.10.0/stm32cubeide/plugins/com.st.stm32cube.ide.mcu.externaltools.gnu-tools-for-stm32.10.3-2021.10.win32_1.0.0.202111181127/tools/bin/../lib/gcc/arm-none-eabi/10.3.1/../../../../arm-none-eabi/lib/thumb/v7-m/nofp\libc_nano.a
END GROUP
START GROUP
LOAD d:/stm32_cube sofware/stm32cubeide/ide_1.10.0/setup/stm32cubeide_1.10.0/stm32cubeide/plugins/com.st.stm32cube.ide.mcu.externaltools.gnu-tools-for-stm32.10.3-2021.10.win32_1.0.0.202111181127/tools/bin/../lib/gcc/arm-none-eabi/10.3.1/thumb/v7-m/nofp\libgcc.a
LOAD d:/stm32_cube sofware/stm32cubeide/ide_1.10.0/setup/stm32cubeide_1.10.0/stm32cubeide/plugins/com.st.stm32cube.ide.mcu.externaltools.gnu-tools-for-stm32.10.3-2021.10.win32_1.0.0.202111181127/tools/bin/../lib/gcc/arm-none-eabi/10.3.1/../../../../arm-none-eabi/lib/thumb/v7-m/nofp\libc_nano.a
LOAD d:/stm32_cube sofware/stm32cubeide/ide_1.10.0/setup/stm32cubeide_1.10.0/stm32cubeide/plugins/com.st.stm32cube.ide.mcu.externaltools.gnu-tools-for-stm32.10.3-2021.10.win32_1.0.0.202111181127/tools/bin/../lib/gcc/arm-none-eabi/10.3.1/../../../../arm-none-eabi/lib/thumb/v7-m/nofp\libnosys.a
END GROUP
START GROUP
LOAD d:/stm32_cube sofware/stm32cubeide/ide_1.10.0/setup/stm32cubeide_1.10.0/stm32cubeide/plugins/com.st.stm32cube.ide.mcu.externaltools.gnu-tools-for-stm32.10.3-2021.10.win32_1.0.0.202111181127/tools/bin/../lib/gcc/arm-none-eabi/10.3.1/thumb/v7-m/nofp\libgcc.a
LOAD d:/stm32_cube sofware/stm32cubeide/ide_1.10.0/setup/stm32cubeide_1.10.0/stm32cubeide/plugins/com.st.stm32cube.ide.mcu.externaltools.gnu-tools-for-stm32.10.3-2021.10.win32_1.0.0.202111181127/tools/bin/../lib/gcc/arm-none-eabi/10.3.1/../../../../arm-none-eabi/lib/thumb/v7-m/nofp\libc_nano.a
LOAD d:/stm32_cube sofware/stm32cubeide/ide_1.10.0/setup/stm32cubeide_1.10.0/stm32cubeide/plugins/com.st.stm32cube.ide.mcu.externaltools.gnu-tools-for-stm32.10.3-2021.10.win32_1.0.0.202111181127/tools/bin/../lib/gcc/arm-none-eabi/10.3.1/../../../../arm-none-eabi/lib/thumb/v7-m/nofp\libnosys.a
END GROUP
LOAD d:/stm32_cube sofware/stm32cubeide/ide_1.10.0/setup/stm32cubeide_1.10.0/stm32cubeide/plugins/com.st.stm32cube.ide.mcu.externaltools.gnu-tools-for-stm32.10.3-2021.10.win32_1.0.0.202111181127/tools/bin/../lib/gcc/arm-none-eabi/10.3.1/thumb/v7-m/nofp/crtend.o
LOAD d:/stm32_cube sofware/stm32cubeide/ide_1.10.0/setup/stm32cubeide_1.10.0/stm32cubeide/plugins/com.st.stm32cube.ide.mcu.externaltools.gnu-tools-for-stm32.10.3-2021.10.win32_1.0.0.202111181127/tools/bin/../lib/gcc/arm-none-eabi/10.3.1/thumb/v7-m/nofp/crtn.o
                0x0000000020002800                _estack = (ORIGIN (RAM) + LENGTH (RAM))
                0x0000000000000200                _Min_Heap_Size = 0x200
                0x0000000000000400                _Min_Stack_Size = 0x400

.isr_vector     0x0000000008000000      0x130
                0x0000000008000000                . = ALIGN (0x4)
 *(.isr_vector)
 .isr_vector    0x0000000008000000      0x130 ./Startup/startup_stm32f103c6tx.o
                0x0000000008000000                g_pfnVectors
                0x0000000008000130                . = ALIGN (0x4)

.text           0x0000000008000130     0x175c
                0x0000000008000130                . = ALIGN (0x4)
 *(.text)
 .text          0x0000000008000130       0x40 d:/stm32_cube sofware/stm32cubeide/ide_1.10.0/setup/stm32cubeide_1.10.0/stm32cubeide/plugins/com.st.stm32cube.ide.mcu.externaltools.gnu-tools-for-stm32.10.3-2021.10.win32_1.0.0.202111181127/tools/bin/../lib/gcc/arm-none-eabi/10.3.1/thumb/v7-m/nofp/crtbegin.o
 *(.text*)
 .text.__enable_irq
                0x0000000008000170        0xe ./App/APP.o
 .text.__disable_irq
                0x000000000800017e        0xe ./App/APP.o
 .text.RCC_Configuration
                0x000000000800018c       0x22 ./App/APP.o
                0x000000000800018c                RCC_Configuration
 .text.NVIC_Configuration
                0x00000000080001ae       0x2a ./App/APP.o
                0x00000000080001ae                NVIC_Configuration
 .text.USART_Configuration
                0x00000000080001d8       0x58 ./App/APP.o
                0x00000000080001d8                USART_Configuration
 .text.GPIO_Configuration
                0x0000000008000230       0x6c ./App/APP.o
                0x0000000008000230                GPIO_Configuration
 .text.USART1_transmit_string
                0x000000000800029c       0x64 ./App/APP.o
                0x000000000800029c                USART1_transmit_string
 .text.Erase_Multi_Sector
                0x0000000008000300       0x3a ./App/APP.o
                0x0000000008000300                Erase_Multi_Sector
 .text.Format_data4byte_ToWriteFlash
                0x000000000800033a       0x42 ./App/APP.o
                0x000000000800033a                Format_data4byte_ToWriteFlash
 .text.app_init
                0x000000000800037c       0x38 ./App/APP.o
                0x000000000800037c                app_init
 .text.jump_To_Boot
                0x00000000080003b4      0x138 ./App/APP.o
                0x00000000080003b4                jump_To_Boot
 .text.Jump_To_App
                0x00000000080004ec       0x4c ./App/APP.o
                0x00000000080004ec                Jump_To_App
 .text.USART1_callBackFuction
                0x0000000008000538       0x26 ./App/APP.o
                0x0000000008000538                USART1_callBackFuction
 .text.convert_to_hex
                0x000000000800055e       0x42 ./Drivers/src/Srec_reader.o
 .text.convert_twoHex2byte
                0x00000000080005a0       0x3c ./Drivers/src/Srec_reader.o
 .text.convert_16bit2dec
                0x00000000080005dc       0x68 ./Drivers/src/Srec_reader.o
 .text.convert_24bit2dec
                0x0000000008000644       0x7e ./Drivers/src/Srec_reader.o
 *fill*         0x00000000080006c2        0x2 
 .text.parseData
                0x00000000080006c4      0x444 ./Drivers/src/Srec_reader.o
                0x00000000080006c4                parseData
 .text.__set_MSP
                0x0000000008000b08        0xa ./Drivers/src/core_cm3.o
                0x0000000008000b08                __set_MSP
 .text.HAL_GPIO_Init
                0x0000000008000b12      0x172 ./Drivers/src/gpio.o
                0x0000000008000b12                HAL_GPIO_Init
 .text.HAL_GPIO_Write_Pin
                0x0000000008000c84       0x32 ./Drivers/src/gpio.o
                0x0000000008000c84                HAL_GPIO_Write_Pin
 .text.HAL_GPIO_Read_Pin
                0x0000000008000cb6       0x30 ./Drivers/src/gpio.o
                0x0000000008000cb6                HAL_GPIO_Read_Pin
 *fill*         0x0000000008000ce6        0x2 
 .text.NVIC_PriorityGroupConfig
                0x0000000008000ce8       0x24 ./Drivers/src/misc.o
                0x0000000008000ce8                NVIC_PriorityGroupConfig
 .text.NVIC_Init
                0x0000000008000d0c       0xc4 ./Drivers/src/misc.o
                0x0000000008000d0c                NVIC_Init
 .text.queue_init
                0x0000000008000dd0       0x24 ./Drivers/src/queue.o
                0x0000000008000dd0                queue_init
 .text.queue_isEmpty
                0x0000000008000df4       0x28 ./Drivers/src/queue.o
                0x0000000008000df4                queue_isEmpty
 .text.queue_isFull
                0x0000000008000e1c       0x28 ./Drivers/src/queue.o
                0x0000000008000e1c                queue_isFull
 .text.queue_put_newLine
                0x0000000008000e44       0x50 ./Drivers/src/queue.o
                0x0000000008000e44                queue_put_newLine
 .text.queue_get
                0x0000000008000e94       0x48 ./Drivers/src/queue.o
                0x0000000008000e94                queue_get
 .text.queue_push_data
                0x0000000008000edc       0x54 ./Drivers/src/queue.o
                0x0000000008000edc                queue_push_data
 .text.queue_pop
                0x0000000008000f30       0x38 ./Drivers/src/queue.o
                0x0000000008000f30                queue_pop
 .text.FLASH_UnlockBank1
                0x0000000008000f68       0x24 ./Drivers/src/stm32f10x_flash.o
                0x0000000008000f68                FLASH_UnlockBank1
 .text.FLASH_LockBank1
                0x0000000008000f8c       0x1c ./Drivers/src/stm32f10x_flash.o
                0x0000000008000f8c                FLASH_LockBank1
 .text.FLASH_ErasePage
                0x0000000008000fa8       0x64 ./Drivers/src/stm32f10x_flash.o
                0x0000000008000fa8                FLASH_ErasePage
 .text.FLASH_ProgramWord
                0x000000000800100c       0x94 ./Drivers/src/stm32f10x_flash.o
                0x000000000800100c                FLASH_ProgramWord
 .text.FLASH_ClearFlag
                0x00000000080010a0       0x1c ./Drivers/src/stm32f10x_flash.o
                0x00000000080010a0                FLASH_ClearFlag
 .text.FLASH_GetBank1Status
                0x00000000080010bc       0x54 ./Drivers/src/stm32f10x_flash.o
                0x00000000080010bc                FLASH_GetBank1Status
 .text.FLASH_WaitForLastOperation
                0x0000000008001110       0x44 ./Drivers/src/stm32f10x_flash.o
                0x0000000008001110                FLASH_WaitForLastOperation
 .text.RCC_GetClocksFreq
                0x0000000008001154      0x16c ./Drivers/src/stm32f10x_rcc.o
                0x0000000008001154                RCC_GetClocksFreq
 .text.RCC_APB2PeriphClockCmd
                0x00000000080012c0       0x3c ./Drivers/src/stm32f10x_rcc.o
                0x00000000080012c0                RCC_APB2PeriphClockCmd
 .text.USART_Init
                0x00000000080012fc      0x174 ./Drivers/src/stm32f10x_usart.o
                0x00000000080012fc                USART_Init
 .text.USART_Cmd
                0x0000000008001470       0x3e ./Drivers/src/stm32f10x_usart.o
                0x0000000008001470                USART_Cmd
 .text.USART_ITConfig
                0x00000000080014ae       0x8e ./Drivers/src/stm32f10x_usart.o
                0x00000000080014ae                USART_ITConfig
 .text.USART_SendData
                0x000000000800153c       0x22 ./Drivers/src/stm32f10x_usart.o
                0x000000000800153c                USART_SendData
 .text.USART_ReceiveData
                0x000000000800155e       0x1e ./Drivers/src/stm32f10x_usart.o
                0x000000000800155e                USART_ReceiveData
 .text.USART_GetFlagStatus
                0x000000000800157c       0x36 ./Drivers/src/stm32f10x_usart.o
                0x000000000800157c                USART_GetFlagStatus
 *fill*         0x00000000080015b2        0x2 
 .text.SystemInit
                0x00000000080015b4       0x68 ./Drivers/src/system_stm32f10x.o
                0x00000000080015b4                SystemInit
 .text.SetSysClock
                0x000000000800161c        0xc ./Drivers/src/system_stm32f10x.o
 .text.SetSysClockTo72
                0x0000000008001628      0x100 ./Drivers/src/system_stm32f10x.o
 .text.NMI_Handler
                0x0000000008001728        0xc ./Interrupt/stm32f10x_it.o
                0x0000000008001728                NMI_Handler
 .text.HardFault_Handler
                0x0000000008001734        0x6 ./Interrupt/stm32f10x_it.o
                0x0000000008001734                HardFault_Handler
 .text.MemManage_Handler
                0x000000000800173a        0x6 ./Interrupt/stm32f10x_it.o
                0x000000000800173a                MemManage_Handler
 .text.BusFault_Handler
                0x0000000008001740        0x6 ./Interrupt/stm32f10x_it.o
                0x0000000008001740                BusFault_Handler
 .text.UsageFault_Handler
                0x0000000008001746        0x6 ./Interrupt/stm32f10x_it.o
                0x0000000008001746                UsageFault_Handler
 .text.SVC_Handler
                0x000000000800174c        0xc ./Interrupt/stm32f10x_it.o
                0x000000000800174c                SVC_Handler
 .text.DebugMon_Handler
                0x0000000008001758        0xc ./Interrupt/stm32f10x_it.o
                0x0000000008001758                DebugMon_Handler
 .text.PendSV_Handler
                0x0000000008001764        0xc ./Interrupt/stm32f10x_it.o
                0x0000000008001764                PendSV_Handler
 .text.SysTick_Handler
                0x0000000008001770        0xc ./Interrupt/stm32f10x_it.o
                0x0000000008001770                SysTick_Handler
 .text.USART1_IRQHandler
                0x000000000800177c       0x24 ./Interrupt/stm32f10x_it.o
                0x000000000800177c                USART1_IRQHandler
 .text.USART2_IRQHandler
                0x00000000080017a0        0xc ./Interrupt/stm32f10x_it.o
                0x00000000080017a0                USART2_IRQHandler
 .text.main     0x00000000080017ac       0x2c ./Src/main.o
                0x00000000080017ac                main
 .text.Reset_Handler
                0x00000000080017d8       0x50 ./Startup/startup_stm32f103c6tx.o
                0x00000000080017d8                Reset_Handler
 .text.Default_Handler
                0x0000000008001828        0x2 ./Startup/startup_stm32f103c6tx.o
                0x0000000008001828                EXTI2_IRQHandler
                0x0000000008001828                TIM8_TRG_COM_IRQHandler
                0x0000000008001828                TIM8_CC_IRQHandler
                0x0000000008001828                TIM1_CC_IRQHandler
                0x0000000008001828                TIM6_IRQHandler
                0x0000000008001828                PVD_IRQHandler
                0x0000000008001828                SDIO_IRQHandler
                0x0000000008001828                EXTI3_IRQHandler
                0x0000000008001828                USB_HP_CAN_TX_IRQHandler
                0x0000000008001828                EXTI0_IRQHandler
                0x0000000008001828                I2C2_EV_IRQHandler
                0x0000000008001828                ADC1_2_IRQHandler
                0x0000000008001828                SPI1_IRQHandler
                0x0000000008001828                CAN_SCE_IRQHandler
                0x0000000008001828                TAMPER_IRQHandler
                0x0000000008001828                TIM8_UP_IRQHandler
                0x0000000008001828                DMA2_Channel2_IRQHandler
                0x0000000008001828                DMA1_Channel4_IRQHandler
                0x0000000008001828                USART3_IRQHandler
                0x0000000008001828                RTC_IRQHandler
                0x0000000008001828                DMA1_Channel7_IRQHandler
                0x0000000008001828                UART5_IRQHandler
                0x0000000008001828                ADC3_IRQHandler
                0x0000000008001828                TIM4_IRQHandler
                0x0000000008001828                CAN_RX1_IRQHandler
                0x0000000008001828                DMA2_Channel1_IRQHandler
                0x0000000008001828                I2C1_EV_IRQHandler
                0x0000000008001828                DMA1_Channel6_IRQHandler
                0x0000000008001828                UART4_IRQHandler
                0x0000000008001828                TIM3_IRQHandler
                0x0000000008001828                RCC_IRQHandler
                0x0000000008001828                TIM1_TRG_COM_IRQHandler
                0x0000000008001828                DMA1_Channel1_IRQHandler
                0x0000000008001828                Default_Handler
                0x0000000008001828                EXTI15_10_IRQHandler
                0x0000000008001828                TIM7_IRQHandler
                0x0000000008001828                TIM5_IRQHandler
                0x0000000008001828                EXTI9_5_IRQHandler
                0x0000000008001828                SPI2_IRQHandler
                0x0000000008001828                USB_LP_CAN_RX0_IRQHandler
                0x0000000008001828                DMA1_Channel5_IRQHandler
                0x0000000008001828                EXTI4_IRQHandler
                0x0000000008001828                DMA1_Channel3_IRQHandler
                0x0000000008001828                FSMC_IRQHandler
                0x0000000008001828                TIM1_UP_IRQHandler
                0x0000000008001828                WWDG_IRQHandler
                0x0000000008001828                TIM2_IRQHandler
                0x0000000008001828                TIM1_BRK_IRQHandler
                0x0000000008001828                EXTI1_IRQHandler
                0x0000000008001828                RTCAlarm_IRQHandler
                0x0000000008001828                DMA2_Channel4_5_IRQHandler
                0x0000000008001828                I2C2_ER_IRQHandler
                0x0000000008001828                DMA1_Channel2_IRQHandler
                0x0000000008001828                TIM8_BRK_IRQHandler
                0x0000000008001828                FLASH_IRQHandler
                0x0000000008001828                SPI3_IRQHandler
                0x0000000008001828                I2C1_ER_IRQHandler
                0x0000000008001828                DMA2_Channel3_IRQHandler
 *fill*         0x000000000800182a        0x2 
 .text.__libc_init_array
                0x000000000800182c       0x48 d:/stm32_cube sofware/stm32cubeide/ide_1.10.0/setup/stm32cubeide_1.10.0/stm32cubeide/plugins/com.st.stm32cube.ide.mcu.externaltools.gnu-tools-for-stm32.10.3-2021.10.win32_1.0.0.202111181127/tools/bin/../lib/gcc/arm-none-eabi/10.3.1/../../../../arm-none-eabi/lib/thumb/v7-m/nofp\libc_nano.a(lib_a-init.o)
                0x000000000800182c                __libc_init_array
 *(.glue_7)
 .glue_7        0x0000000008001874        0x0 linker stubs
 *(.glue_7t)
 .glue_7t       0x0000000008001874        0x0 linker stubs
 *(.eh_frame)
 .eh_frame      0x0000000008001874        0x0 d:/stm32_cube sofware/stm32cubeide/ide_1.10.0/setup/stm32cubeide_1.10.0/stm32cubeide/plugins/com.st.stm32cube.ide.mcu.externaltools.gnu-tools-for-stm32.10.3-2021.10.win32_1.0.0.202111181127/tools/bin/../lib/gcc/arm-none-eabi/10.3.1/thumb/v7-m/nofp/crtbegin.o
 *(.init)
 .init          0x0000000008001874        0x4 d:/stm32_cube sofware/stm32cubeide/ide_1.10.0/setup/stm32cubeide_1.10.0/stm32cubeide/plugins/com.st.stm32cube.ide.mcu.externaltools.gnu-tools-for-stm32.10.3-2021.10.win32_1.0.0.202111181127/tools/bin/../lib/gcc/arm-none-eabi/10.3.1/thumb/v7-m/nofp/crti.o
                0x0000000008001874                _init
 .init          0x0000000008001878        0x8 d:/stm32_cube sofware/stm32cubeide/ide_1.10.0/setup/stm32cubeide_1.10.0/stm32cubeide/plugins/com.st.stm32cube.ide.mcu.externaltools.gnu-tools-for-stm32.10.3-2021.10.win32_1.0.0.202111181127/tools/bin/../lib/gcc/arm-none-eabi/10.3.1/thumb/v7-m/nofp/crtn.o
 *(.fini)
 .fini          0x0000000008001880        0x4 d:/stm32_cube sofware/stm32cubeide/ide_1.10.0/setup/stm32cubeide_1.10.0/stm32cubeide/plugins/com.st.stm32cube.ide.mcu.externaltools.gnu-tools-for-stm32.10.3-2021.10.win32_1.0.0.202111181127/tools/bin/../lib/gcc/arm-none-eabi/10.3.1/thumb/v7-m/nofp/crti.o
                0x0000000008001880                _fini
 .fini          0x0000000008001884        0x8 d:/stm32_cube sofware/stm32cubeide/ide_1.10.0/setup/stm32cubeide_1.10.0/stm32cubeide/plugins/com.st.stm32cube.ide.mcu.externaltools.gnu-tools-for-stm32.10.3-2021.10.win32_1.0.0.202111181127/tools/bin/../lib/gcc/arm-none-eabi/10.3.1/thumb/v7-m/nofp/crtn.o
                0x000000000800188c                . = ALIGN (0x4)
                0x000000000800188c                _etext = .

.vfp11_veneer   0x000000000800188c        0x0
 .vfp11_veneer  0x000000000800188c        0x0 linker stubs

.v4_bx          0x000000000800188c        0x0
 .v4_bx         0x000000000800188c        0x0 linker stubs

.iplt           0x000000000800188c        0x0
 .iplt          0x000000000800188c        0x0 d:/stm32_cube sofware/stm32cubeide/ide_1.10.0/setup/stm32cubeide_1.10.0/stm32cubeide/plugins/com.st.stm32cube.ide.mcu.externaltools.gnu-tools-for-stm32.10.3-2021.10.win32_1.0.0.202111181127/tools/bin/../lib/gcc/arm-none-eabi/10.3.1/thumb/v7-m/nofp/crtbegin.o

.rodata         0x000000000800188c       0x98
                0x000000000800188c                . = ALIGN (0x4)
 *(.rodata)
 .rodata        0x000000000800188c       0x98 ./App/APP.o
 *(.rodata*)
                0x0000000008001924                . = ALIGN (0x4)

.rel.dyn        0x0000000008001924        0x0
 .rel.iplt      0x0000000008001924        0x0 d:/stm32_cube sofware/stm32cubeide/ide_1.10.0/setup/stm32cubeide_1.10.0/stm32cubeide/plugins/com.st.stm32cube.ide.mcu.externaltools.gnu-tools-for-stm32.10.3-2021.10.win32_1.0.0.202111181127/tools/bin/../lib/gcc/arm-none-eabi/10.3.1/thumb/v7-m/nofp/crtbegin.o

.ARM.extab      0x0000000008001924        0x0
                0x0000000008001924                . = ALIGN (0x4)
 *(.ARM.extab* .gnu.linkonce.armextab.*)
                0x0000000008001924                . = ALIGN (0x4)

.ARM            0x0000000008001924        0x0
                0x0000000008001924                . = ALIGN (0x4)
                0x0000000008001924                __exidx_start = .
 *(.ARM.exidx*)
                0x0000000008001924                __exidx_end = .
                0x0000000008001924                . = ALIGN (0x4)

.preinit_array  0x0000000008001924        0x0
                0x0000000008001924                . = ALIGN (0x4)
                0x0000000008001924                PROVIDE (__preinit_array_start = .)
 *(.preinit_array*)
                0x0000000008001924                PROVIDE (__preinit_array_end = .)
                0x0000000008001924                . = ALIGN (0x4)

.init_array     0x0000000008001924        0x4
                0x0000000008001924                . = ALIGN (0x4)
                0x0000000008001924                PROVIDE (__init_array_start = .)
 *(SORT_BY_NAME(.init_array.*))
 *(.init_array*)
 .init_array    0x0000000008001924        0x4 d:/stm32_cube sofware/stm32cubeide/ide_1.10.0/setup/stm32cubeide_1.10.0/stm32cubeide/plugins/com.st.stm32cube.ide.mcu.externaltools.gnu-tools-for-stm32.10.3-2021.10.win32_1.0.0.202111181127/tools/bin/../lib/gcc/arm-none-eabi/10.3.1/thumb/v7-m/nofp/crtbegin.o
                0x0000000008001928                PROVIDE (__init_array_end = .)
                0x0000000008001928                . = ALIGN (0x4)

.fini_array     0x0000000008001928        0x4
                0x0000000008001928                . = ALIGN (0x4)
                [!provide]                        PROVIDE (__fini_array_start = .)
 *(SORT_BY_NAME(.fini_array.*))
 *(.fini_array*)
 .fini_array    0x0000000008001928        0x4 d:/stm32_cube sofware/stm32cubeide/ide_1.10.0/setup/stm32cubeide_1.10.0/stm32cubeide/plugins/com.st.stm32cube.ide.mcu.externaltools.gnu-tools-for-stm32.10.3-2021.10.win32_1.0.0.202111181127/tools/bin/../lib/gcc/arm-none-eabi/10.3.1/thumb/v7-m/nofp/crtbegin.o
                [!provide]                        PROVIDE (__fini_array_end = .)
                0x000000000800192c                . = ALIGN (0x4)
                0x000000000800192c                _sidata = LOADADDR (.data)

.data           0x0000000020000000       0x18 load address 0x000000000800192c
                0x0000000020000000                . = ALIGN (0x4)
                0x0000000020000000                _sdata = .
 *(.data)
 *(.data*)
 .data.addressBitType
                0x0000000020000000        0x1 ./Drivers/src/Srec_reader.o
 *fill*         0x0000000020000001        0x3 
 .data.APBAHBPrescTable
                0x0000000020000004       0x10 ./Drivers/src/stm32f10x_rcc.o
 .data.ADCPrescTable
                0x0000000020000014        0x4 ./Drivers/src/stm32f10x_rcc.o
 *(.RamFunc)
 *(.RamFunc*)
                0x0000000020000018                . = ALIGN (0x4)
                0x0000000020000018                _edata = .

.igot.plt       0x0000000020000018        0x0 load address 0x0000000008001944
 .igot.plt      0x0000000020000018        0x0 d:/stm32_cube sofware/stm32cubeide/ide_1.10.0/setup/stm32cubeide_1.10.0/stm32cubeide/plugins/com.st.stm32cube.ide.mcu.externaltools.gnu-tools-for-stm32.10.3-2021.10.win32_1.0.0.202111181127/tools/bin/../lib/gcc/arm-none-eabi/10.3.1/thumb/v7-m/nofp/crtbegin.o
                0x0000000020000018                . = ALIGN (0x4)

.bss            0x0000000020000018      0x864 load address 0x0000000008001944
                0x0000000020000018                _sbss = .
                0x0000000020000018                __bss_start__ = _sbss
 *(.bss)
 .bss           0x0000000020000018       0x1c d:/stm32_cube sofware/stm32cubeide/ide_1.10.0/setup/stm32cubeide_1.10.0/stm32cubeide/plugins/com.st.stm32cube.ide.mcu.externaltools.gnu-tools-for-stm32.10.3-2021.10.win32_1.0.0.202111181127/tools/bin/../lib/gcc/arm-none-eabi/10.3.1/thumb/v7-m/nofp/crtbegin.o
 *(.bss*)
 .bss.jump_to_app
                0x0000000020000034        0x4 ./App/APP.o
                0x0000000020000034                jump_to_app
 .bss.Jump_Address
                0x0000000020000038        0x4 ./App/APP.o
                0x0000000020000038                Jump_Address
 .bss.status    0x000000002000003c        0x1 ./Drivers/src/Srec_reader.o
 *fill*         0x000000002000003d        0x3 
 .bss.numberOfSrecDataLine
                0x0000000020000040        0x4 ./Drivers/src/Srec_reader.o
 .bss.dataIndex
                0x0000000020000044        0x2 ./Drivers/src/queue.o
                0x0000000020000044                dataIndex
 *fill*         0x0000000020000046        0x2 
 .bss.s_queueList
                0x0000000020000048      0x833 ./Drivers/src/queue.o
                0x0000000020000048                s_queueList
 *(COMMON)
                0x000000002000087c                . = ALIGN (0x4)
 *fill*         0x000000002000087b        0x1 
                0x000000002000087c                _ebss = .
                0x000000002000087c                __bss_end__ = _ebss

._user_heap_stack
                0x000000002000087c      0x604 load address 0x0000000008001944
                0x0000000020000880                . = ALIGN (0x8)
 *fill*         0x000000002000087c        0x4 
                [!provide]                        PROVIDE (end = .)
                0x0000000020000880                PROVIDE (_end = .)
                0x0000000020000a80                . = (. + _Min_Heap_Size)
 *fill*         0x0000000020000880      0x200 
                0x0000000020000e80                . = (. + _Min_Stack_Size)
 *fill*         0x0000000020000a80      0x400 
                0x0000000020000e80                . = ALIGN (0x8)

/DISCARD/
 libc.a(*)
 libm.a(*)
 libgcc.a(*)

.ARM.attributes
                0x0000000000000000       0x29
 *(.ARM.attributes)
 .ARM.attributes
                0x0000000000000000       0x1d d:/stm32_cube sofware/stm32cubeide/ide_1.10.0/setup/stm32cubeide_1.10.0/stm32cubeide/plugins/com.st.stm32cube.ide.mcu.externaltools.gnu-tools-for-stm32.10.3-2021.10.win32_1.0.0.202111181127/tools/bin/../lib/gcc/arm-none-eabi/10.3.1/thumb/v7-m/nofp/crti.o
 .ARM.attributes
                0x000000000000001d       0x2d d:/stm32_cube sofware/stm32cubeide/ide_1.10.0/setup/stm32cubeide_1.10.0/stm32cubeide/plugins/com.st.stm32cube.ide.mcu.externaltools.gnu-tools-for-stm32.10.3-2021.10.win32_1.0.0.202111181127/tools/bin/../lib/gcc/arm-none-eabi/10.3.1/thumb/v7-m/nofp/crtbegin.o
 .ARM.attributes
                0x000000000000004a       0x2d ./App/APP.o
 .ARM.attributes
                0x0000000000000077       0x2d ./Drivers/src/Srec_reader.o
 .ARM.attributes
                0x00000000000000a4       0x2d ./Drivers/src/core_cm3.o
 .ARM.attributes
                0x00000000000000d1       0x2d ./Drivers/src/gpio.o
 .ARM.attributes
                0x00000000000000fe       0x2d ./Drivers/src/misc.o
 .ARM.attributes
                0x000000000000012b       0x2d ./Drivers/src/queue.o
 .ARM.attributes
                0x0000000000000158       0x2d ./Drivers/src/stm32f10x_flash.o
 .ARM.attributes
                0x0000000000000185       0x2d ./Drivers/src/stm32f10x_rcc.o
 .ARM.attributes
                0x00000000000001b2       0x2d ./Drivers/src/stm32f10x_usart.o
 .ARM.attributes
                0x00000000000001df       0x2d ./Drivers/src/system_stm32f10x.o
 .ARM.attributes
                0x000000000000020c       0x2d ./Interrupt/stm32f10x_it.o
 .ARM.attributes
                0x0000000000000239       0x2d ./Src/main.o
 .ARM.attributes
                0x0000000000000266       0x21 ./Startup/startup_stm32f103c6tx.o
 .ARM.attributes
                0x0000000000000287       0x2d d:/stm32_cube sofware/stm32cubeide/ide_1.10.0/setup/stm32cubeide_1.10.0/stm32cubeide/plugins/com.st.stm32cube.ide.mcu.externaltools.gnu-tools-for-stm32.10.3-2021.10.win32_1.0.0.202111181127/tools/bin/../lib/gcc/arm-none-eabi/10.3.1/../../../../arm-none-eabi/lib/thumb/v7-m/nofp\libc_nano.a(lib_a-init.o)
 .ARM.attributes
                0x00000000000002b4       0x1d d:/stm32_cube sofware/stm32cubeide/ide_1.10.0/setup/stm32cubeide_1.10.0/stm32cubeide/plugins/com.st.stm32cube.ide.mcu.externaltools.gnu-tools-for-stm32.10.3-2021.10.win32_1.0.0.202111181127/tools/bin/../lib/gcc/arm-none-eabi/10.3.1/thumb/v7-m/nofp/crtn.o
OUTPUT(test_8.elf elf32-littlearm)
LOAD linker stubs
LOAD d:/stm32_cube sofware/stm32cubeide/ide_1.10.0/setup/stm32cubeide_1.10.0/stm32cubeide/plugins/com.st.stm32cube.ide.mcu.externaltools.gnu-tools-for-stm32.10.3-2021.10.win32_1.0.0.202111181127/tools/bin/../lib/gcc/arm-none-eabi/10.3.1/../../../../arm-none-eabi/lib/thumb/v7-m/nofp\libc.a
LOAD d:/stm32_cube sofware/stm32cubeide/ide_1.10.0/setup/stm32cubeide_1.10.0/stm32cubeide/plugins/com.st.stm32cube.ide.mcu.externaltools.gnu-tools-for-stm32.10.3-2021.10.win32_1.0.0.202111181127/tools/bin/../lib/gcc/arm-none-eabi/10.3.1/../../../../arm-none-eabi/lib/thumb/v7-m/nofp\libm.a
LOAD d:/stm32_cube sofware/stm32cubeide/ide_1.10.0/setup/stm32cubeide_1.10.0/stm32cubeide/plugins/com.st.stm32cube.ide.mcu.externaltools.gnu-tools-for-stm32.10.3-2021.10.win32_1.0.0.202111181127/tools/bin/../lib/gcc/arm-none-eabi/10.3.1/thumb/v7-m/nofp\libgcc.a

.debug_info     0x0000000000000000     0x4308
 .debug_info    0x0000000000000000      0xac6 ./App/APP.o
 .debug_info    0x0000000000000ac6      0x326 ./Drivers/src/Srec_reader.o
 .debug_info    0x0000000000000dec      0x572 ./Drivers/src/core_cm3.o
 .debug_info    0x000000000000135e      0x391 ./Drivers/src/gpio.o
 .debug_info    0x00000000000016ef      0x510 ./Drivers/src/misc.o
 .debug_info    0x0000000000001bff      0x26d ./Drivers/src/queue.o
 .debug_info    0x0000000000001e6c      0x800 ./Drivers/src/stm32f10x_flash.o
 .debug_info    0x000000000000266c      0x8f7 ./Drivers/src/stm32f10x_rcc.o
 .debug_info    0x0000000000002f63      0xaa8 ./Drivers/src/stm32f10x_usart.o
 .debug_info    0x0000000000003a0b      0x479 ./Drivers/src/system_stm32f10x.o
 .debug_info    0x0000000000003e84      0x2ad ./Interrupt/stm32f10x_it.o
 .debug_info    0x0000000000004131      0x1b5 ./Src/main.o
 .debug_info    0x00000000000042e6       0x22 ./Startup/startup_stm32f103c6tx.o

.debug_abbrev   0x0000000000000000     0x11d8
 .debug_abbrev  0x0000000000000000      0x2ac ./App/APP.o
 .debug_abbrev  0x00000000000002ac      0x11a ./Drivers/src/Srec_reader.o
 .debug_abbrev  0x00000000000003c6       0xbd ./Drivers/src/core_cm3.o
 .debug_abbrev  0x0000000000000483      0x16b ./Drivers/src/gpio.o
 .debug_abbrev  0x00000000000005ee      0x184 ./Drivers/src/misc.o
 .debug_abbrev  0x0000000000000772      0x13a ./Drivers/src/queue.o
 .debug_abbrev  0x00000000000008ac      0x1a7 ./Drivers/src/stm32f10x_flash.o
 .debug_abbrev  0x0000000000000a53      0x1d6 ./Drivers/src/stm32f10x_rcc.o
 .debug_abbrev  0x0000000000000c29      0x1b0 ./Drivers/src/stm32f10x_usart.o
 .debug_abbrev  0x0000000000000dd9      0x1b1 ./Drivers/src/system_stm32f10x.o
 .debug_abbrev  0x0000000000000f8a      0x11e ./Interrupt/stm32f10x_it.o
 .debug_abbrev  0x00000000000010a8      0x11e ./Src/main.o
 .debug_abbrev  0x00000000000011c6       0x12 ./Startup/startup_stm32f103c6tx.o

.debug_aranges  0x0000000000000000      0x660
 .debug_aranges
                0x0000000000000000       0x80 ./App/APP.o
 .debug_aranges
                0x0000000000000080       0x40 ./Drivers/src/Srec_reader.o
 .debug_aranges
                0x00000000000000c0       0xc8 ./Drivers/src/core_cm3.o
 .debug_aranges
                0x0000000000000188       0x40 ./Drivers/src/gpio.o
 .debug_aranges
                0x00000000000001c8       0x40 ./Drivers/src/misc.o
 .debug_aranges
                0x0000000000000208       0x50 ./Drivers/src/queue.o
 .debug_aranges
                0x0000000000000258       0xf8 ./Drivers/src/stm32f10x_flash.o
 .debug_aranges
                0x0000000000000350      0x118 ./Drivers/src/stm32f10x_rcc.o
 .debug_aranges
                0x0000000000000468      0x100 ./Drivers/src/stm32f10x_usart.o
 .debug_aranges
                0x0000000000000568       0x38 ./Drivers/src/system_stm32f10x.o
 .debug_aranges
                0x00000000000005a0       0x70 ./Interrupt/stm32f10x_it.o
 .debug_aranges
                0x0000000000000610       0x28 ./Src/main.o
 .debug_aranges
                0x0000000000000638       0x28 ./Startup/startup_stm32f103c6tx.o

.debug_ranges   0x0000000000000000      0x598
 .debug_ranges  0x0000000000000000       0x70 ./App/APP.o
 .debug_ranges  0x0000000000000070       0x30 ./Drivers/src/Srec_reader.o
 .debug_ranges  0x00000000000000a0       0xb8 ./Drivers/src/core_cm3.o
 .debug_ranges  0x0000000000000158       0x30 ./Drivers/src/gpio.o
 .debug_ranges  0x0000000000000188       0x30 ./Drivers/src/misc.o
 .debug_ranges  0x00000000000001b8       0x40 ./Drivers/src/queue.o
 .debug_ranges  0x00000000000001f8       0xe8 ./Drivers/src/stm32f10x_flash.o
 .debug_ranges  0x00000000000002e0      0x108 ./Drivers/src/stm32f10x_rcc.o
 .debug_ranges  0x00000000000003e8       0xf0 ./Drivers/src/stm32f10x_usart.o
 .debug_ranges  0x00000000000004d8       0x28 ./Drivers/src/system_stm32f10x.o
 .debug_ranges  0x0000000000000500       0x60 ./Interrupt/stm32f10x_it.o
 .debug_ranges  0x0000000000000560       0x18 ./Src/main.o
 .debug_ranges  0x0000000000000578       0x20 ./Startup/startup_stm32f103c6tx.o

.debug_macro    0x0000000000000000     0xc7e5
 .debug_macro   0x0000000000000000      0x26e ./App/APP.o
 .debug_macro   0x000000000000026e      0xa7e ./App/APP.o
 .debug_macro   0x0000000000000cec       0x56 ./App/APP.o
 .debug_macro   0x0000000000000d42       0x22 ./App/APP.o
 .debug_macro   0x0000000000000d64       0x22 ./App/APP.o
 .debug_macro   0x0000000000000d86       0x8e ./App/APP.o
 .debug_macro   0x0000000000000e14       0x51 ./App/APP.o
 .debug_macro   0x0000000000000e65      0x103 ./App/APP.o
 .debug_macro   0x0000000000000f68       0x6a ./App/APP.o
 .debug_macro   0x0000000000000fd2      0x1df ./App/APP.o
 .debug_macro   0x00000000000011b1      0x69f ./App/APP.o
 .debug_macro   0x0000000000001850     0x7def ./App/APP.o
 .debug_macro   0x000000000000963f       0x52 ./App/APP.o
 .debug_macro   0x0000000000009691       0x18 ./App/APP.o
 .debug_macro   0x00000000000096a9       0x3c ./App/APP.o
 .debug_macro   0x00000000000096e5       0x34 ./App/APP.o
 .debug_macro   0x0000000000009719       0x16 ./App/APP.o
 .debug_macro   0x000000000000972f       0x97 ./App/APP.o
 .debug_macro   0x00000000000097c6      0x341 ./App/APP.o
 .debug_macro   0x0000000000009b07       0xfd ./App/APP.o
 .debug_macro   0x0000000000009c04       0x10 ./App/APP.o
 .debug_macro   0x0000000000009c14       0x16 ./App/APP.o
 .debug_macro   0x0000000000009c2a       0x43 ./App/APP.o
 .debug_macro   0x0000000000009c6d       0x34 ./App/APP.o
 .debug_macro   0x0000000000009ca1       0x10 ./App/APP.o
 .debug_macro   0x0000000000009cb1       0x58 ./App/APP.o
 .debug_macro   0x0000000000009d09       0x71 ./App/APP.o
 .debug_macro   0x0000000000009d7a       0x1c ./App/APP.o
 .debug_macro   0x0000000000009d96      0x12a ./App/APP.o
 .debug_macro   0x0000000000009ec0       0x10 ./App/APP.o
 .debug_macro   0x0000000000009ed0       0x1c ./App/APP.o
 .debug_macro   0x0000000000009eec       0x52 ./App/APP.o
 .debug_macro   0x0000000000009f3e       0x22 ./App/APP.o
 .debug_macro   0x0000000000009f60       0x10 ./App/APP.o
 .debug_macro   0x0000000000009f70       0x52 ./App/APP.o
 .debug_macro   0x0000000000009fc2       0xd5 ./App/APP.o
 .debug_macro   0x000000000000a097       0x1c ./App/APP.o
 .debug_macro   0x000000000000a0b3       0x3d ./App/APP.o
 .debug_macro   0x000000000000a0f0       0x16 ./App/APP.o
 .debug_macro   0x000000000000a106      0x145 ./App/APP.o
 .debug_macro   0x000000000000a24b       0x22 ./App/APP.o
 .debug_macro   0x000000000000a26d       0x16 ./App/APP.o
 .debug_macro   0x000000000000a283       0x10 ./App/APP.o
 .debug_macro   0x000000000000a293       0x16 ./App/APP.o
 .debug_macro   0x000000000000a2a9       0x6a ./App/APP.o
 .debug_macro   0x000000000000a313       0x8b ./App/APP.o
 .debug_macro   0x000000000000a39e      0x3e2 ./App/APP.o
 .debug_macro   0x000000000000a780      0x2cf ./App/APP.o
 .debug_macro   0x000000000000aa4f      0x220 ./App/APP.o
 .debug_macro   0x000000000000ac6f       0x6c ./Drivers/src/Srec_reader.o
 .debug_macro   0x000000000000acdb       0x6f ./Drivers/src/core_cm3.o
 .debug_macro   0x000000000000ad4a       0x9a ./Drivers/src/gpio.o
 .debug_macro   0x000000000000ade4       0xa0 ./Drivers/src/misc.o
 .debug_macro   0x000000000000ae84       0x85 ./Drivers/src/misc.o
 .debug_macro   0x000000000000af09      0x148 ./Drivers/src/queue.o
 .debug_macro   0x000000000000b051      0x174 ./Drivers/src/queue.o
 .debug_macro   0x000000000000b1c5       0x10 ./Drivers/src/queue.o
 .debug_macro   0x000000000000b1d5       0x35 ./Drivers/src/queue.o
 .debug_macro   0x000000000000b20a       0x20 ./Drivers/src/queue.o
 .debug_macro   0x000000000000b22a      0x142 ./Drivers/src/stm32f10x_flash.o
 .debug_macro   0x000000000000b36c      0x2c9 ./Drivers/src/stm32f10x_flash.o
 .debug_macro   0x000000000000b635      0x1b6 ./Drivers/src/stm32f10x_rcc.o
 .debug_macro   0x000000000000b7eb      0x3dc ./Drivers/src/stm32f10x_rcc.o
 .debug_macro   0x000000000000bbc7      0x157 ./Drivers/src/stm32f10x_usart.o
 .debug_macro   0x000000000000bd1e      0x21a ./Drivers/src/stm32f10x_usart.o
 .debug_macro   0x000000000000bf38       0x98 ./Drivers/src/system_stm32f10x.o
 .debug_macro   0x000000000000bfd0       0xb1 ./Interrupt/stm32f10x_it.o
 .debug_macro   0x000000000000c081       0xa7 ./Src/main.o
 .debug_macro   0x000000000000c128      0x6bd ./Src/main.o

.debug_line     0x0000000000000000     0x61fe
 .debug_line    0x0000000000000000      0xa7e ./App/APP.o
 .debug_line    0x0000000000000a7e      0x891 ./Drivers/src/Srec_reader.o
 .debug_line    0x000000000000130f      0x720 ./Drivers/src/core_cm3.o
 .debug_line    0x0000000000001a2f      0x6be ./Drivers/src/gpio.o
 .debug_line    0x00000000000020ed      0x62f ./Drivers/src/misc.o
 .debug_line    0x000000000000271c      0x7b0 ./Drivers/src/queue.o
 .debug_line    0x0000000000002ecc      0xad6 ./Drivers/src/stm32f10x_flash.o
 .debug_line    0x00000000000039a2      0xabc ./Drivers/src/stm32f10x_rcc.o
 .debug_line    0x000000000000445e      0xa68 ./Drivers/src/stm32f10x_usart.o
 .debug_line    0x0000000000004ec6      0x6b2 ./Drivers/src/system_stm32f10x.o
 .debug_line    0x0000000000005578      0x649 ./Interrupt/stm32f10x_it.o
 .debug_line    0x0000000000005bc1      0x5b9 ./Src/main.o
 .debug_line    0x000000000000617a       0x84 ./Startup/startup_stm32f103c6tx.o

.debug_str      0x0000000000000000    0x3d88f
 .debug_str     0x0000000000000000    0x3b768 ./App/APP.o
                                      0x3b9ab (size before relaxing)
 .debug_str     0x000000000003b768      0x130 ./Drivers/src/Srec_reader.o
                                       0x3df9 (size before relaxing)
 .debug_str     0x000000000003b898      0x157 ./Drivers/src/core_cm3.o
                                       0x3d84 (size before relaxing)
 .debug_str     0x000000000003b9ef       0xa2 ./Drivers/src/gpio.o
                                      0x321f3 (size before relaxing)
 .debug_str     0x000000000003ba91      0x195 ./Drivers/src/misc.o
                                      0x324e6 (size before relaxing)
 .debug_str     0x000000000003bc26       0xf6 ./Drivers/src/queue.o
                                       0x6e8d (size before relaxing)
 .debug_str     0x000000000003bd1c      0x756 ./Drivers/src/stm32f10x_flash.o
                                      0x33c35 (size before relaxing)
 .debug_str     0x000000000003c472      0xb39 ./Drivers/src/stm32f10x_rcc.o
                                      0x3486b (size before relaxing)
 .debug_str     0x000000000003cfab      0x71a ./Drivers/src/stm32f10x_usart.o
                                      0x35a2c (size before relaxing)
 .debug_str     0x000000000003d6c5       0x9e ./Drivers/src/system_stm32f10x.o
                                      0x31f7a (size before relaxing)
 .debug_str     0x000000000003d763       0xe2 ./Interrupt/stm32f10x_it.o
                                      0x335b2 (size before relaxing)
 .debug_str     0x000000000003d845       0x19 ./Src/main.o
                                      0x336c3 (size before relaxing)
 .debug_str     0x000000000003d85e       0x31 ./Startup/startup_stm32f103c6tx.o
                                         0x62 (size before relaxing)

.comment        0x0000000000000000       0x50
 .comment       0x0000000000000000       0x50 ./App/APP.o
                                         0x51 (size before relaxing)
 .comment       0x0000000000000050       0x51 ./Drivers/src/Srec_reader.o
 .comment       0x0000000000000050       0x51 ./Drivers/src/core_cm3.o
 .comment       0x0000000000000050       0x51 ./Drivers/src/gpio.o
 .comment       0x0000000000000050       0x51 ./Drivers/src/misc.o
 .comment       0x0000000000000050       0x51 ./Drivers/src/queue.o
 .comment       0x0000000000000050       0x51 ./Drivers/src/stm32f10x_flash.o
 .comment       0x0000000000000050       0x51 ./Drivers/src/stm32f10x_rcc.o
 .comment       0x0000000000000050       0x51 ./Drivers/src/stm32f10x_usart.o
 .comment       0x0000000000000050       0x51 ./Drivers/src/system_stm32f10x.o
 .comment       0x0000000000000050       0x51 ./Interrupt/stm32f10x_it.o
 .comment       0x0000000000000050       0x51 ./Src/main.o

.debug_frame    0x0000000000000000     0x1884
 .debug_frame   0x0000000000000000      0x1c8 ./App/APP.o
 .debug_frame   0x00000000000001c8       0xd8 ./Drivers/src/Srec_reader.o
 .debug_frame   0x00000000000002a0      0x320 ./Drivers/src/core_cm3.o
 .debug_frame   0x00000000000005c0       0xd4 ./Drivers/src/gpio.o
 .debug_frame   0x0000000000000694       0xd8 ./Drivers/src/misc.o
 .debug_frame   0x000000000000076c      0x118 ./Drivers/src/queue.o
 .debug_frame   0x0000000000000884      0x410 ./Drivers/src/stm32f10x_flash.o
 .debug_frame   0x0000000000000c94      0x4f4 ./Drivers/src/stm32f10x_rcc.o
 .debug_frame   0x0000000000001188      0x490 ./Drivers/src/stm32f10x_usart.o
 .debug_frame   0x0000000000001618       0x98 ./Drivers/src/system_stm32f10x.o
 .debug_frame   0x00000000000016b0      0x154 ./Interrupt/stm32f10x_it.o
 .debug_frame   0x0000000000001804       0x54 ./Src/main.o
 .debug_frame   0x0000000000001858       0x2c d:/stm32_cube sofware/stm32cubeide/ide_1.10.0/setup/stm32cubeide_1.10.0/stm32cubeide/plugins/com.st.stm32cube.ide.mcu.externaltools.gnu-tools-for-stm32.10.3-2021.10.win32_1.0.0.202111181127/tools/bin/../lib/gcc/arm-none-eabi/10.3.1/../../../../arm-none-eabi/lib/thumb/v7-m/nofp\libc_nano.a(lib_a-init.o)
